// Jest Snapshot v1, https://goo.gl/fbAQLP

exports[`createDuotoneImage should return a processed image 1`] = `null`;
